[Emulator] No binary provided. Booting internal test suite...
RDNA3 Emulator Starting...

s_add_u32 s0, s1, s2 test!
[DEBUG] PC: 0x0000000000000100
NO LITERAL
[PASS] Result: 0x0000001E


s_sub_u32 s3, s4, s5 test!
[DEBUG] PC: 0x0000000000000100
NO LITERAL
[PASS] Result: 0x0000000A


s_cmp_eq_i32 + s_cselect_b32 test!
[DEBUG] PC: 0x0000000000000100
NO LITERAL
[DEBUG] PC: 0x0000000000000104
NO LITERAL
[PASS] CSELECT picked True (99): 0x00000063


s_mov_b64 + s_lshr_b64 test!
[DEBUG] PC: 0x0000000000000100
NO LITERAL
[PASS] LSHR result correct: 0x00000010


end_pgm test!
[DEBUG] PC: 0x0000000000000100
NO LITERAL
>>> S_ENDPGM REACHED: Halting Wavefront <<<

flat_load_b32 v2, v[0:1] test!
[DEBUG] PC: 0x0000000000000100
LITERAL DETECTED

[PASS] FLAT Load successful!
Data: 0xDEADBEEF
VMCNT correctly incremented to 1 for Global Memory.

flat_store_b32 v[0:1], v2 test!
[DEBUG] PC: 0x0000000000000100
LITERAL DETECTED

[PASS] FLAT Store successful!Memory at 0x1008: 0xCAFEBABE
LGKMCNT correctly incremented to 1 for Shared Memory.
